// Jest Snapshot v1, https://goo.gl/fbAQLP

exports[`HomeScreen Should run snapshot test 1`] = `
<View
  style={
    Object {
      "flex": 1,
      "margin": 20,
      "marginTop": 60,
    }
  }
>
  <View>
    <View
      style={
        Object {
          "alignItems": "center",
          "flexDirection": "row",
          "height": 50,
          "justifyContent": "space-between",
          "width": "100%",
        }
      }
    >
      <TextInput
        onChangeText={[Function]}
        placeholder="Write something"
        placeholderTextColor="#CDCDCD"
        style={
          Object {
            "borderBottomWidth": 1,
            "borderColor": "#000",
            "borderRadius": 10,
            "fontSize": 18,
            "height": 50,
            "width": "85%",
          }
        }
        testID="txtTodo"
        value={null}
      />
      <View
        accessible={true}
        collapsable={false}
        focusable={true}
        onClick={[Function]}
        onResponderGrant={[Function]}
        onResponderMove={[Function]}
        onResponderRelease={[Function]}
        onResponderTerminate={[Function]}
        onResponderTerminationRequest={[Function]}
        onStartShouldSetResponder={[Function]}
        style={
          Object {
            "alignItems": "center",
            "backgroundColor": "#503FDE",
            "borderRadius": 10,
            "height": 50,
            "justifyContent": "center",
            "opacity": 1,
            "width": "15%",
          }
        }
        testID="btnTodo"
      >
        <Text
          style={
            Object {
              "color": "#FFF",
              "fontSize": 30,
              "textAlign": "center",
            }
          }
          testID="txtTodo"
        >
          +
        </Text>
      </View>
    </View>
    <View
      style={
        Object {
          "alignItems": "center",
          "justifyContent": "center",
          "marginTop": 10,
          "padding": 10,
          "width": "100%",
        }
      }
    >
      <Text
        style={
          Object {
            "color": "#FF0000",
            "fontSize": 16,
          }
        }
      />
    </View>
  </View>
  <View
    style={
      Object {
        "marginBottom": 10,
      }
    }
  >
    <View
      style={
        Object {
          "justifyContent": "center",
          "marginTop": 30,
        }
      }
    >
      <RCTScrollView
        data={Array []}
        getItem={[Function]}
        getItemCount={[Function]}
        keyExtractor={[Function]}
        onContentSizeChange={[Function]}
        onLayout={[Function]}
        onMomentumScrollBegin={[Function]}
        onMomentumScrollEnd={[Function]}
        onScroll={[Function]}
        onScrollBeginDrag={[Function]}
        onScrollEndDrag={[Function]}
        removeClippedSubviews={false}
        renderItem={[Function]}
        scrollEventThrottle={50}
        showsVerticalScrollIndicator={false}
        stickyHeaderIndices={Array []}
        testID="flatTodo"
        viewabilityConfigCallbackPairs={Array []}
      >
        <View />
      </RCTScrollView>
    </View>
  </View>
</View>
`;
